PS C:\Users\user> mkdir git_challenge


    ディレクトリ: C:\Users\user


Mode                 LastWriteTime         Length Name
----                 -------------         ------ ----
d-----        2024/01/30     23:55                git_challenge


PS C:\Users\user> cd git_challenge
PS C:\Users\user\git_challenge> git init
Initialized empty Git repository in C:/Users/user/git_challenge/.git/
PS C:\Users\user\git_challenge> echo "Hello,world!" > hello_world.txt
PS C:\Users\user\git_challenge> git add hello_world.txt
PS C:\Users\user\git_challenge> git commit -m "hello_world.txtを追加"
[main (root-commit) 246c24d] hello_world.txtを追加
 1 file changed, 0 insertions(+), 0 deletions(-)
 create mode 100644 hello_world.txt
PS C:\Users\user\git_challenge> echo "こんにちは、世界！" > hello_world.txt
PS C:\Users\user\git_challenge> git add hello_world.txt
PS C:\Users\user\git_challenge> git commit -m "日本語訳を追記"
[main dab88ed] 日本語訳を追記
 1 file changed, 0 insertions(+), 0 deletions(-)
PS C:\Users\user\git_challenge> git log --oneline
dab88ed (HEAD -> main) 日本語訳を追記
246c24d hello_world.txtを追加